[     140ms] [LOG] [Fast Refresh] rebuilding @ http://localhost:3000/_next/static/chunks/1es5_next_dist_1_993wc._.js:2477
[    1322ms] [LOG] [Fast Refresh] done in 1283ms @ http://localhost:3000/_next/static/chunks/1es5_next_dist_1_993wc._.js:2477
[    2624ms] [INFO] %cDownload the React DevTools for a better development experience: https://react.dev/link/react-devtools font-weight:bold @ http://localhost:3000/_next/static/chunks/1es5_next_dist_1_993wc._.js:2477
[    2661ms] [LOG] [HMR] connected @ http://localhost:3000/_next/static/chunks/1es5_next_dist_1_993wc._.js:2477
[    2921ms] [LOG] [Fast Refresh] rebuilding @ http://localhost:3000/_next/static/chunks/1es5_next_dist_1_993wc._.js:2477
[    2983ms] [LOG] [Fast Refresh] done in 161ms @ http://localhost:3000/_next/static/chunks/1es5_next_dist_1_993wc._.js:2477
[   13742ms] [ERROR] WebSocket connection to 'ws://localhost:3000/_next/webpack-hmr?id=14hbIYuReyGr3geSipJpg' failed: Error in connection establishment: net::ERR_CONNECTION_REFUSED @ http://localhost:3000/_next/static/chunks/1es5_next_dist_client_1ov0v2e._.js:13422
[   14744ms] [ERROR] WebSocket connection to 'ws://localhost:3000/_next/webpack-hmr?id=14hbIYuReyGr3geSipJpg' failed: Error in connection establishment: net::ERR_CONNECTION_REFUSED @ http://localhost:3000/_next/static/chunks/1es5_next_dist_client_1ov0v2e._.js:13422
[   15747ms] [ERROR] WebSocket connection to 'ws://localhost:3000/_next/webpack-hmr?id=14hbIYuReyGr3geSipJpg' failed: Error in connection establishment: net::ERR_CONNECTION_REFUSED @ http://localhost:3000/_next/static/chunks/1es5_next_dist_client_1ov0v2e._.js:13422
[   16749ms] [ERROR] WebSocket connection to 'ws://localhost:3000/_next/webpack-hmr?id=14hbIYuReyGr3geSipJpg' failed: Error in connection establishment: net::ERR_CONNECTION_REFUSED @ http://localhost:3000/_next/static/chunks/1es5_next_dist_client_1ov0v2e._.js:13422
[   17751ms] [ERROR] WebSocket connection to 'ws://localhost:3000/_next/webpack-hmr?id=14hbIYuReyGr3geSipJpg' failed: Error in connection establishment: net::ERR_CONNECTION_REFUSED @ http://localhost:3000/_next/static/chunks/1es5_next_dist_client_1ov0v2e._.js:13422
[   22754ms] [ERROR] WebSocket connection to 'ws://localhost:3000/_next/webpack-hmr?id=14hbIYuReyGr3geSipJpg' failed: Error in connection establishment: net::ERR_CONNECTION_REFUSED @ http://localhost:3000/_next/static/chunks/1es5_next_dist_client_1ov0v2e._.js:13422
[   27757ms] [ERROR] WebSocket connection to 'ws://localhost:3000/_next/webpack-hmr?id=14hbIYuReyGr3geSipJpg' failed: Error in connection establishment: net::ERR_CONNECTION_REFUSED @ http://localhost:3000/_next/static/chunks/1es5_next_dist_client_1ov0v2e._.js:13422
[   32766ms] [ERROR] WebSocket connection to 'ws://localhost:3000/_next/webpack-hmr?id=14hbIYuReyGr3geSipJpg' failed: Error in connection establishment: net::ERR_CONNECTION_REFUSED @ http://localhost:3000/_next/static/chunks/1es5_next_dist_client_1ov0v2e._.js:13422
[   37771ms] [ERROR] WebSocket connection to 'ws://localhost:3000/_next/webpack-hmr?id=14hbIYuReyGr3geSipJpg' failed: Error in connection establishment: net::ERR_CONNECTION_REFUSED @ http://localhost:3000/_next/static/chunks/1es5_next_dist_client_1ov0v2e._.js:13422
[   42774ms] [ERROR] WebSocket connection to 'ws://localhost:3000/_next/webpack-hmr?id=14hbIYuReyGr3geSipJpg' failed: Error in connection establishment: net::ERR_CONNECTION_REFUSED @ http://localhost:3000/_next/static/chunks/1es5_next_dist_client_1ov0v2e._.js:13422
[   47776ms] [ERROR] WebSocket connection to 'ws://localhost:3000/_next/webpack-hmr?id=14hbIYuReyGr3geSipJpg' failed: Error in connection establishment: net::ERR_CONNECTION_REFUSED @ http://localhost:3000/_next/static/chunks/1es5_next_dist_client_1ov0v2e._.js:13422
[   52779ms] [ERROR] WebSocket connection to 'ws://localhost:3000/_next/webpack-hmr?id=14hbIYuReyGr3geSipJpg' failed: Error in connection establishment: net::ERR_CONNECTION_REFUSED @ http://localhost:3000/_next/static/chunks/1es5_next_dist_client_1ov0v2e._.js:13422
[  151978ms] [INFO] %cDownload the React DevTools for a better development experience: https://react.dev/link/react-devtools font-weight:bold @ http://localhost:3000/_next/static/chunks/1es5_next_dist_1_993wc._.js:2477
[  152395ms] [LOG] [HMR] connected @ http://localhost:3000/_next/static/chunks/1es5_next_dist_1_993wc._.js:2477
[  153063ms] [LOG] [Fast Refresh] rebuilding @ http://localhost:3000/_next/static/chunks/1es5_next_dist_1_993wc._.js:2477
[  153237ms] [LOG] [Fast Refresh] done in 448ms @ http://localhost:3000/_next/static/chunks/1es5_next_dist_1_993wc._.js:2477
[  153926ms] [LOG] [Fast Refresh] rebuilding @ http://localhost:3000/_next/static/chunks/1es5_next_dist_1_993wc._.js:2477
[  154186ms] [LOG] [Fast Refresh] done in 361ms @ http://localhost:3000/_next/static/chunks/1es5_next_dist_1_993wc._.js:2477
[  162097ms] [LOG] [Fast Refresh] rebuilding @ http://localhost:3000/_next/static/chunks/1es5_next_dist_1_993wc._.js:2477
[  162204ms] [LOG] [Fast Refresh] done in 208ms @ http://localhost:3000/_next/static/chunks/1es5_next_dist_1_993wc._.js:2477
[  162355ms] [LOG] [Fast Refresh] rebuilding @ http://localhost:3000/_next/static/chunks/1es5_next_dist_1_993wc._.js:2477
[  162367ms] [LOG] [Fast Refresh] done in 116ms @ http://localhost:3000/_next/static/chunks/1es5_next_dist_1_993wc._.js:2477
[  169117ms] [LOG] [Fast Refresh] rebuilding @ http://localhost:3000/_next/static/chunks/1es5_next_dist_1_993wc._.js:2477
[  171715ms] [LOG] [Fast Refresh] done in 2699ms @ http://localhost:3000/_next/static/chunks/1es5_next_dist_1_993wc._.js:2477
[  641786ms] [LOG] [Fast Refresh] rebuilding @ http://localhost:3000/_next/static/chunks/1es5_next_dist_1_993wc._.js:2477
[  642900ms] [LOG] [Fast Refresh] done in 1216ms @ http://localhost:3000/_next/static/chunks/1es5_next_dist_1_993wc._.js:2477
[  651275ms] [LOG] [Fast Refresh] rebuilding @ http://localhost:3000/_next/static/chunks/1es5_next_dist_1_993wc._.js:2477
[  651820ms] [LOG] [Fast Refresh] done in 603ms @ http://localhost:3000/_next/static/chunks/1es5_next_dist_1_993wc._.js:2477
[  711697ms] [LOG] [Fast Refresh] rebuilding @ http://localhost:3000/_next/static/chunks/1es5_next_dist_1_993wc._.js:2477
[  712657ms] [LOG] [Fast Refresh] done in 1057ms @ http://localhost:3000/_next/static/chunks/1es5_next_dist_1_993wc._.js:2477
[  738270ms] [LOG] [Fast Refresh] rebuilding @ http://localhost:3000/_next/static/chunks/1es5_next_dist_1_993wc._.js:2477
[  739386ms] [LOG] [Fast Refresh] done in 1179ms @ http://localhost:3000/_next/static/chunks/1es5_next_dist_1_993wc._.js:2477
[  773831ms] [LOG] [Fast Refresh] rebuilding @ http://localhost:3000/_next/static/chunks/1es5_next_dist_1_993wc._.js:2477
[  774356ms] [LOG] [Fast Refresh] done in 600ms @ http://localhost:3000/_next/static/chunks/1es5_next_dist_1_993wc._.js:2477
[  802554ms] [LOG] [Fast Refresh] rebuilding @ http://localhost:3000/_next/static/chunks/1es5_next_dist_1_993wc._.js:2477
[  803082ms] [LOG] [Fast Refresh] done in 529ms @ http://localhost:3000/_next/static/chunks/1es5_next_dist_1_993wc._.js:2477
[  843913ms] [LOG] [Fast Refresh] rebuilding @ http://localhost:3000/_next/static/chunks/1es5_next_dist_1_993wc._.js:2477
[  844471ms] [LOG] [Fast Refresh] done in 653ms @ http://localhost:3000/_next/static/chunks/1es5_next_dist_1_993wc._.js:2477
[  868764ms] [LOG] [Fast Refresh] rebuilding @ http://localhost:3000/_next/static/chunks/1es5_next_dist_1_993wc._.js:2477
[  869794ms] [LOG] [Fast Refresh] done in 1126ms @ http://localhost:3000/_next/static/chunks/1es5_next_dist_1_993wc._.js:2477
[  870387ms] [LOG] [Fast Refresh] rebuilding @ http://localhost:3000/_next/static/chunks/1es5_next_dist_1_993wc._.js:2477
[  870638ms] [LOG] [Fast Refresh] done in 359ms @ http://localhost:3000/_next/static/chunks/1es5_next_dist_1_993wc._.js:2477
[  896106ms] [LOG] [Fast Refresh] rebuilding @ http://localhost:3000/_next/static/chunks/1es5_next_dist_1_993wc._.js:2477
[  896917ms] [LOG] [Fast Refresh] done in 909ms @ http://localhost:3000/_next/static/chunks/1es5_next_dist_1_993wc._.js:2477
[  897416ms] [LOG] [Fast Refresh] rebuilding @ http://localhost:3000/_next/static/chunks/1es5_next_dist_1_993wc._.js:2477
[  897505ms] [LOG] [Fast Refresh] done in 190ms @ http://localhost:3000/_next/static/chunks/1es5_next_dist_1_993wc._.js:2477
[  953029ms] [LOG] [Fast Refresh] rebuilding @ http://localhost:3000/_next/static/chunks/1es5_next_dist_1_993wc._.js:2477
[  954183ms] [LOG] [Fast Refresh] done in 1111ms @ http://localhost:3000/_next/static/chunks/1es5_next_dist_1_993wc._.js:2477
[  954292ms] [LOG] [Fast Refresh] rebuilding @ http://localhost:3000/_next/static/chunks/1es5_next_dist_1_993wc._.js:2477
[  954372ms] [LOG] [Fast Refresh] done in 182ms @ http://localhost:3000/_next/static/chunks/1es5_next_dist_1_993wc._.js:2477
[  954821ms] [LOG] [Fast Refresh] rebuilding @ http://localhost:3000/_next/static/chunks/1es5_next_dist_1_993wc._.js:2477
[  954860ms] [LOG] [Fast Refresh] done in 140ms @ http://localhost:3000/_next/static/chunks/1es5_next_dist_1_993wc._.js:2477
[  955006ms] [LOG] [Fast Refresh] rebuilding @ http://localhost:3000/_next/static/chunks/1es5_next_dist_1_993wc._.js:2477
[  955028ms] [LOG] [Fast Refresh] done in 122ms @ http://localhost:3000/_next/static/chunks/1es5_next_dist_1_993wc._.js:2477
[  981076ms] [LOG] [Fast Refresh] rebuilding @ http://localhost:3000/_next/static/chunks/1es5_next_dist_1_993wc._.js:2477
[  981732ms] [LOG] [Fast Refresh] done in 731ms @ http://localhost:3000/_next/static/chunks/1es5_next_dist_1_993wc._.js:2477
[  987686ms] [LOG] [Fast Refresh] rebuilding @ http://localhost:3000/_next/static/chunks/1es5_next_dist_1_993wc._.js:2477
[  987757ms] [LOG] [Fast Refresh] done in 154ms @ http://localhost:3000/_next/static/chunks/1es5_next_dist_1_993wc._.js:2477
[ 1148397ms] [LOG] [Fast Refresh] rebuilding @ http://localhost:3000/_next/static/chunks/1es5_next_dist_1_993wc._.js:2477
[ 1149829ms] [LOG] [Fast Refresh] done in 1356ms @ http://localhost:3000/_next/static/chunks/1es5_next_dist_1_993wc._.js:2477
[ 1149997ms] [LOG] [Fast Refresh] rebuilding @ http://localhost:3000/_next/static/chunks/1es5_next_dist_1_993wc._.js:2477
[ 1150549ms] [LOG] [Fast Refresh] done in 652ms @ http://localhost:3000/_next/static/chunks/1es5_next_dist_1_993wc._.js:2477
[ 1150672ms] [LOG] [Fast Refresh] rebuilding @ http://localhost:3000/_next/static/chunks/1es5_next_dist_1_993wc._.js:2477
[ 1150743ms] [LOG] [Fast Refresh] done in 171ms @ http://localhost:3000/_next/static/chunks/1es5_next_dist_1_993wc._.js:2477
[ 1150882ms] [LOG] [Fast Refresh] rebuilding @ http://localhost:3000/_next/static/chunks/1es5_next_dist_1_993wc._.js:2477
[ 1150886ms] [LOG] [Fast Refresh] done in 106ms @ http://localhost:3000/_next/static/chunks/1es5_next_dist_1_993wc._.js:2477
[ 1163071ms] [LOG] [Fast Refresh] rebuilding @ http://localhost:3000/_next/static/chunks/1es5_next_dist_1_993wc._.js:2477
[ 1163604ms] [LOG] [Fast Refresh] done in 623ms @ http://localhost:3000/_next/static/chunks/1es5_next_dist_1_993wc._.js:2477
[ 1164141ms] [LOG] [Fast Refresh] rebuilding @ http://localhost:3000/_next/static/chunks/1es5_next_dist_1_993wc._.js:2477
[ 1164163ms] [LOG] [Fast Refresh] done in 122ms @ http://localhost:3000/_next/static/chunks/1es5_next_dist_1_993wc._.js:2477
[ 1203235ms] [LOG] [Fast Refresh] rebuilding @ http://localhost:3000/_next/static/chunks/1es5_next_dist_1_993wc._.js:2477
[ 1205231ms] [LOG] [Fast Refresh] done in 1901ms @ http://localhost:3000/_next/static/chunks/1es5_next_dist_1_993wc._.js:2477
[ 1229803ms] [LOG] [Fast Refresh] rebuilding @ http://localhost:3000/_next/static/chunks/1es5_next_dist_1_993wc._.js:2477
[ 1230387ms] [LOG] [Fast Refresh] done in 668ms @ http://localhost:3000/_next/static/chunks/1es5_next_dist_1_993wc._.js:2477
[ 1252505ms] [LOG] [Fast Refresh] rebuilding @ http://localhost:3000/_next/static/chunks/1es5_next_dist_1_993wc._.js:2477
[ 1252989ms] [LOG] [Fast Refresh] done in 568ms @ http://localhost:3000/_next/static/chunks/1es5_next_dist_1_993wc._.js:2477
[ 1268829ms] [LOG] [Fast Refresh] rebuilding @ http://localhost:3000/_next/static/chunks/1es5_next_dist_1_993wc._.js:2477
[ 1269400ms] [LOG] [Fast Refresh] done in 612ms @ http://localhost:3000/_next/static/chunks/1es5_next_dist_1_993wc._.js:2477
[ 1282755ms] [LOG] [Fast Refresh] rebuilding @ http://localhost:3000/_next/static/chunks/1es5_next_dist_1_993wc._.js:2477
[ 1282945ms] [LOG] [Fast Refresh] done in 268ms @ http://localhost:3000/_next/static/chunks/1es5_next_dist_1_993wc._.js:2477
[ 1292727ms] [LOG] [Fast Refresh] rebuilding @ http://localhost:3000/_next/static/chunks/1es5_next_dist_1_993wc._.js:2477
[ 1292796ms] [LOG] [Fast Refresh] done in 170ms @ http://localhost:3000/_next/static/chunks/1es5_next_dist_1_993wc._.js:2477
[ 1300279ms] [LOG] [Fast Refresh] rebuilding @ http://localhost:3000/_next/static/chunks/1es5_next_dist_1_993wc._.js:2477
[ 1301326ms] [LOG] [Fast Refresh] done in 1111ms @ http://localhost:3000/_next/static/chunks/1es5_next_dist_1_993wc._.js:2477
[ 1301431ms] [LOG] [Fast Refresh] rebuilding @ http://localhost:3000/_next/static/chunks/1es5_next_dist_1_993wc._.js:2477
[ 1301471ms] [LOG] [Fast Refresh] done in 141ms @ http://localhost:3000/_next/static/chunks/1es5_next_dist_1_993wc._.js:2477
[ 1301625ms] [LOG] [Fast Refresh] rebuilding @ http://localhost:3000/_next/static/chunks/1es5_next_dist_1_993wc._.js:2477
[ 1301819ms] [LOG] [Fast Refresh] done in 303ms @ http://localhost:3000/_next/static/chunks/1es5_next_dist_1_993wc._.js:2477
[ 1302040ms] [LOG] [Fast Refresh] rebuilding @ http://localhost:3000/_next/static/chunks/1es5_next_dist_1_993wc._.js:2477
[ 1302317ms] [LOG] [Fast Refresh] done in 385ms @ http://localhost:3000/_next/static/chunks/1es5_next_dist_1_993wc._.js:2477
[ 1334201ms] [LOG] [Fast Refresh] rebuilding @ http://localhost:3000/_next/static/chunks/1es5_next_dist_1_993wc._.js:2477
[ 1334527ms] [LOG] [Fast Refresh] done in 432ms @ http://localhost:3000/_next/static/chunks/1es5_next_dist_1_993wc._.js:2477
